
> frontend@0.1.0 build
> next build

  Γû▓ Next.js 14.2.35

   Creating an optimized production build ...
node.exe : Failed to compile.
At C:\Program 
Files\nodejs\npm.ps1:29 char:3
+   & $NODE_EXE $NPM_CLI_JS $args
+   ~~~~~~~~~~~~~~~~~~~~~~~~~~~~~
    + CategoryInfo          : Not 
   Specified: (Failed to compile  
  .:String) [], RemoteException
    + FullyQualifiedErrorId : Nat 
   iveCommandError
 

./components/reviews/ReviewCard.ts
x
Error: 
  [31mx[0m You're importing a 
component that needs useState. It 
only works in a Client Component 
but none of its parents are 
marked with "use client", so 
they're Server Components by 
default.
  [31m|[0m Learn more: https://n
extjs.org/docs/getting-started/rea
ct-essentials
  [31m|[0m 
  [31m|[0m 
    ,-[[36;1;4mC:\Users\okmom\Dow
nloads\New folder (4)\NestScore\fr
ontend\components\reviews\ReviewCa
rd.tsx[0m:5:1]
 [2m 5[0m | import { 
MessageSquareWarning } from 
'lucide-react';
 [2m 6[0m | import 
DisagreeButton from 
'./DisagreeButton';
 [2m 7[0m | import ReplyForm 
from './ReplyForm';
 [2m 8[0m | import { useState } 
from 'react';
    : [31;1m         ^^^^^^^^[0m
 [2m 9[0m | 
 [2m10[0m | export default 
function ReviewCard({ review, 
plotId }: { review: Review; 
plotId: string }) {
 [2m10[0m |     const 
isDisputed = review.status === 
'disputed' || 
review.dispute_response;
    `----

Import trace for requested module:
./components/reviews/ReviewCard.ts
x
./components/reviews/ReviewList.ts
x
./components/plots/PlotDetail.tsx
./app/plots/[id]/page.tsx


> Build failed because of webpack 
errors
